C51 COMPILER V9.59.0.0   1                                                                 09/10/2021 13:40:20 PAGE 1   


C51 COMPILER V9.59.0.0, COMPILATION OF MODULE 1
OBJECT MODULE PLACED IN 1.OBJ
COMPILER INVOKED BY: C:\Keil_v5\C51\BIN\C51.EXE 1.c OPTIMIZE(8,SPEED) BROWSE DEBUG OBJECTEXTEND TABS(2)

line level    source

*** WARNING C500 IN LINE 1 OF 1.c: SERIAL NUMBER EXPIRED
   1          // ***** Program to Create a 10 Khz Signal on Pin 2.1 Using Timer0 : Mode 2 ***** //
   2          #include <REGX51.H>
   3          sbit PIN = P2^1;
   4          void delay_freq()
   5          {
   6   1        TMOD = 0x02;      // Mode 2 - 8 Bit Autoreload Mode, Timer0
   7   1        TH0  = 0x2F;      // Only Higher Byte Value Loaded in TH0, Same Value copied in TL0
   8   1        TR0  = 1;       // Starting the Timer
   9   1        while(TF0==0);      // Waiting for Timer Overflow Flag to be Set
  10   1        TR0  = 0;       // Clearing the Timer
  11   1        TF0  = 0;       // Clearing the Overflow Flag
  12   1      }
  13          void main()
  14          {
  15   1        while(1)
  16   1        {
  17   2          PIN = 1;
  18   2          delay_freq();
  19   2          PIN = 0;
  20   2          delay_freq();
  21   2        }
  22   1      }


MODULE INFORMATION:   STATIC OVERLAYABLE
   CODE SIZE        =     28    ----
   CONSTANT SIZE    =   ----    ----
   XDATA SIZE       =   ----    ----
   PDATA SIZE       =   ----    ----
   DATA SIZE        =   ----    ----
   IDATA SIZE       =   ----    ----
   BIT SIZE         =   ----    ----
END OF MODULE INFORMATION.


C51 COMPILATION COMPLETE.  1 WARNING(S),  0 ERROR(S)
