BL51 BANKED LINKER/LOCATER V6.22.2.0                                                    08/19/2020  17:47:27  PAGE 1


BL51 BANKED LINKER/LOCATER V6.22.2.0, INVOKED BY:
C:\KEIL_V5\C51\BIN\BL51.EXE main.obj TO 8051-LED-Blinking-All-Ports RAMSIZE (256)


MEMORY MODEL: SMALL


INPUT MODULES INCLUDED:
  main.obj (MAIN)
  C:\KEIL_V5\C51\LIB\C51S.LIB (?C_STARTUP)


LINK MAP OF MODULE:  8051-LED-Blinking-All-Ports (MAIN)


            TYPE    BASE      LENGTH    RELOCATION   SEGMENT NAME
            -----------------------------------------------------

            * * * * * * *   D A T A   M E M O R Y   * * * * * * *
            REG     0000H     0008H     ABSOLUTE     "REG BANK 0"
            IDATA   0008H     0001H     UNIT         ?STACK

            * * * * * * *   C O D E   M E M O R Y   * * * * * * *
            CODE    0000H     0003H     ABSOLUTE     
            CODE    0003H     0020H     UNIT         ?PR?_DELAY?MAIN
            CODE    0023H     0020H     UNIT         ?PR?MAIN?MAIN
            CODE    0043H     000CH     UNIT         ?C_C51STARTUP



OVERLAY MAP OF MODULE:   8051-LED-Blinking-All-Ports (MAIN)


SEGMENT
  +--> CALLED SEGMENT
---------------------
?C_C51STARTUP
  +--> ?PR?MAIN?MAIN

?PR?MAIN?MAIN
  +--> ?PR?_DELAY?MAIN



SYMBOL TABLE OF MODULE:  8051-LED-Blinking-All-Ports (MAIN)

  VALUE           TYPE          NAME
  ----------------------------------

  -------         MODULE        MAIN
  C:0000H         SYMBOL        _ICE_DUMMY_
  D:0080H         PUBLIC        P0
  D:0090H         PUBLIC        P1
  D:00A0H         PUBLIC        P2
  D:00B0H         PUBLIC        P3
  C:0003H         PUBLIC        _delay
  C:0023H         PUBLIC        main
  -------         PROC          _DELAY
BL51 BANKED LINKER/LOCATER V6.22.2.0                                                  08/19/2020  17:47:27  PAGE 2


  D:0006H         SYMBOL        del
  -------         DO            
  D:0004H         SYMBOL        i
  D:0002H         SYMBOL        j
  -------         ENDDO         
  C:0003H         LINE#         3
  C:0003H         LINE#         4
  C:0003H         LINE#         6
  C:0006H         LINE#         7
  C:0006H         LINE#         8
  C:0017H         LINE#         9
  C:0022H         LINE#         10
  -------         ENDPROC       _DELAY
  -------         PROC          MAIN
  C:0023H         LINE#         12
  C:0023H         LINE#         13
  C:0023H         LINE#         14
  C:0023H         LINE#         15
  C:0023H         LINE#         16
  C:0028H         LINE#         17
  C:002CH         LINE#         18
  C:0032H         LINE#         19
  C:0038H         LINE#         20
  C:003EH         LINE#         21
  C:0041H         LINE#         22
  -------         ENDPROC       MAIN
  -------         ENDMOD        MAIN

Program Size: data=9.0 xdata=0 code=79
LINK/LOCATE RUN COMPLETE.  0 WARNING(S),  0 ERROR(S)
